2026-01-31 14:19:11,744 - INFO - \n================================================================================
2026-01-31 14:19:11,746 - INFO - AUTOMATED FOOTBALL DATA SCRAPER
2026-01-31 14:19:11,746 - INFO - Started at: 2026-01-31 14:19:11
2026-01-31 14:19:11,746 - INFO - ================================================================================\n
2026-01-31 14:19:11,748 - INFO - Backing up existing data...
2026-01-31 14:19:12,467 - INFO - Backed up: all-euro-data-2021-2022.xlsx -> all-euro-data-2021-2022_20260131_141911.xlsx
2026-01-31 14:19:13,177 - INFO - Backed up: all-euro-data-2022-2023.xlsx -> all-euro-data-2022-2023_20260131_141911.xlsx
2026-01-31 14:19:13,880 - INFO - Backed up: all-euro-data-2023-2024.xlsx -> all-euro-data-2023-2024_20260131_141911.xlsx
2026-01-31 14:19:14,602 - INFO - Backed up: all-euro-data-2024-2025.xlsx -> all-euro-data-2024-2025_20260131_141911.xlsx
2026-01-31 14:19:15,065 - INFO - Backed up: all-euro-data-2025-2026-expanded.xlsx -> all-euro-data-2025-2026-expanded_20260131_141911.xlsx
2026-01-31 14:19:16,225 - INFO - Backed up: all-euro-data-2025-2026.xlsx -> all-euro-data-2025-2026_20260131_141911.xlsx
2026-01-31 14:19:16,225 - INFO - \n================================================================================
2026-01-31 14:19:16,225 - INFO - DOWNLOADING SEASON 2526 DATA
2026-01-31 14:19:16,225 - INFO - ================================================================================\n
2026-01-31 14:19:16,225 - INFO - Downloading Premier League (2526)...
2026-01-31 14:19:18,380 - INFO - Downloading Championship (2526)...
2026-01-31 14:19:19,612 - INFO - Downloading League One (2526)...
2026-01-31 14:19:20,850 - INFO - Downloading League Two (2526)...
2026-01-31 14:19:22,071 - INFO - Downloading Scottish Premiership (2526)...
2026-01-31 14:19:23,276 - INFO - Downloading Scottish Championship (2526)...
2026-01-31 14:19:24,497 - INFO - Downloading Bundesliga (2526)...
2026-01-31 14:19:25,708 - INFO - Downloading Bundesliga 2 (2526)...
2026-01-31 14:19:26,917 - INFO - Downloading Serie A (2526)...
2026-01-31 14:19:28,138 - INFO - Downloading Serie B (2526)...
2026-01-31 14:19:29,367 - INFO - Downloading La Liga (2526)...
2026-01-31 14:19:30,597 - INFO - Downloading La Liga 2 (2526)...
2026-01-31 14:19:31,839 - INFO - Downloading Ligue 1 (2526)...
2026-01-31 14:19:33,047 - INFO - Downloading Ligue 2 (2526)...
2026-01-31 14:19:34,282 - INFO - Downloading Eredivisie (2526)...
2026-01-31 14:19:35,476 - INFO - Downloading Belgian Pro League (2526)...
2026-01-31 14:19:36,749 - INFO - Downloading Primeira Liga (2526)...
2026-01-31 14:19:37,942 - INFO - Downloading Super Lig (2526)...
2026-01-31 14:19:39,150 - INFO - Downloading Super League (2526)...
2026-01-31 14:19:40,346 - INFO - Downloading European Championship (2526)...
2026-01-31 14:19:41,591 - INFO - Downloading World Cup (2526)...
2026-01-31 14:19:42,868 - INFO - \nSuccessfully downloaded 21/21 leagues
2026-01-31 14:19:42,868 - INFO - \nSaving data to data\raw\all-euro-data-2025-2026.xlsx...
2026-01-31 14:19:54,514 - INFO -   File size: 2.41 MB
2026-01-31 14:19:54,514 - INFO - \n================================================================================
2026-01-31 14:19:54,514 - INFO - SCRAPER COMPLETED
2026-01-31 14:19:54,514 - INFO - Finished at: 2026-01-31 14:19:54
2026-01-31 14:19:54,516 - INFO - ================================================================================\n
2026-01-31 15:13:59,468 - INFO - \n================================================================================
2026-01-31 15:13:59,478 - INFO - AUTOMATED FOOTBALL DATA SCRAPER
2026-01-31 15:13:59,478 - INFO - Started at: 2026-01-31 15:13:59
2026-01-31 15:13:59,478 - INFO - ================================================================================\n
2026-01-31 15:13:59,478 - INFO - Backing up existing data...
2026-01-31 15:13:59,493 - INFO - Backed up: all-euro-data-2021-2022.xlsx -> all-euro-data-2021-2022_20260131_151359.xlsx
2026-01-31 15:13:59,505 - INFO - Backed up: all-euro-data-2022-2023.xlsx -> all-euro-data-2022-2023_20260131_151359.xlsx
2026-01-31 15:13:59,513 - INFO - Backed up: all-euro-data-2023-2024.xlsx -> all-euro-data-2023-2024_20260131_151359.xlsx
2026-01-31 15:13:59,522 - INFO - Backed up: all-euro-data-2024-2025.xlsx -> all-euro-data-2024-2025_20260131_151359.xlsx
2026-01-31 15:13:59,528 - INFO - Backed up: all-euro-data-2025-2026-expanded.xlsx -> all-euro-data-2025-2026-expanded_20260131_151359.xlsx
2026-01-31 15:13:59,534 - INFO - Backed up: all-euro-data-2025-2026.xlsx -> all-euro-data-2025-2026_20260131_151359.xlsx
2026-01-31 15:13:59,535 - INFO - \n================================================================================
2026-01-31 15:13:59,535 - INFO - DOWNLOADING SEASON 2526 DATA
2026-01-31 15:13:59,535 - INFO - ================================================================================\n
2026-01-31 15:13:59,536 - INFO - Downloading Premier League (2526)...
2026-01-31 15:14:00,848 - INFO - Downloading Championship (2526)...
2026-01-31 15:14:02,122 - INFO - Downloading League One (2526)...
2026-01-31 15:14:03,366 - INFO - Downloading League Two (2526)...
2026-01-31 15:14:04,703 - INFO - Downloading Scottish Premiership (2526)...
2026-01-31 15:14:05,916 - INFO - Downloading Scottish Championship (2526)...
2026-01-31 15:14:07,147 - INFO - Downloading Bundesliga (2526)...
2026-01-31 15:14:08,388 - INFO - Downloading Bundesliga 2 (2526)...
2026-01-31 15:14:09,618 - INFO - Downloading Serie A (2526)...
2026-01-31 15:14:11,014 - INFO - Downloading Serie B (2526)...
2026-01-31 15:14:12,353 - INFO - Downloading La Liga (2526)...
2026-01-31 15:14:13,800 - INFO - Downloading La Liga 2 (2526)...
2026-01-31 15:14:15,014 - INFO - Downloading Ligue 1 (2526)...
2026-01-31 15:14:16,318 - INFO - Downloading Ligue 2 (2526)...
2026-01-31 15:14:17,560 - INFO - Downloading Eredivisie (2526)...
2026-01-31 15:14:18,857 - INFO - Downloading Belgian Pro League (2526)...
2026-01-31 15:14:20,684 - INFO - Downloading Primeira Liga (2526)...
2026-01-31 15:14:21,974 - INFO - Downloading Super Lig (2526)...
2026-01-31 15:14:23,287 - INFO - Downloading Super League (2526)...
2026-01-31 15:14:24,522 - INFO - Downloading European Championship (2526)...
2026-01-31 15:14:25,801 - INFO - Downloading World Cup (2526)...
2026-01-31 15:14:27,108 - INFO - \nSuccessfully downloaded 21/21 leagues
2026-01-31 15:14:27,108 - INFO - \nSaving data to data\raw\all-euro-data-2025-2026.xlsx...
2026-01-31 15:14:38,706 - INFO -   File size: 2.41 MB
2026-01-31 15:14:38,706 - INFO - \n================================================================================
2026-01-31 15:14:38,708 - INFO - SCRAPER COMPLETED
2026-01-31 15:14:38,708 - INFO - Finished at: 2026-01-31 15:14:38
2026-01-31 15:14:38,708 - INFO - ================================================================================\n
